=== SHA 835ffe21f031834a0a168daf409c4d6d09bc08d8
=== start 2026-09-19T10:39:50Z
--- combo0 start 2026-09-19T10:39:50Z
--- combo0 PASSED 238.49s call 2026-09-19T10:43:52Z
--- combo1 start 2026-09-19T10:43:52Z
--- combo1 PASSED 238.34s call 2026-09-19T10:47:54Z
--- combo2 start 2026-09-19T10:47:54Z
--- combo2 PASSED 188.55s call 2026-09-19T10:51:06Z
--- combo3 start 2026-09-19T10:51:06Z
--- combo3 PASSED 53.45s call 2026-09-19T10:52:02Z
--- combo4 start 2026-09-19T10:52:02Z
--- combo4 PASSED 53.56s call 2026-09-19T10:52:59Z
--- combo5 start 2026-09-19T10:52:59Z
--- combo5 PASSED 42.16s call 2026-09-19T10:53:44Z
--- combo6 start 2026-09-19T10:53:44Z
--- combo6 PASSED 55.68s call 2026-09-19T10:54:43Z
--- combo7 start 2026-09-19T10:54:43Z
--- combo7 PASSED 54.78s call 2026-09-19T10:55:40Z
--- combo8 start 2026-09-19T10:55:40Z
--- combo8 PASSED 44.03s call 2026-09-19T10:56:28Z
--- combo9 start 2026-09-19T10:56:28Z
--- combo9 PASSED 48.09s call 2026-09-19T10:57:19Z
--- combo10 start 2026-09-19T10:57:19Z
--- combo10 PASSED 47.22s call 2026-09-19T10:58:09Z
--- combo11 start 2026-09-19T10:58:09Z
--- combo11 PASSED 38.92s call 2026-09-19T10:58:51Z
--- combo12 start 2026-09-19T10:58:51Z
--- combo12 PASSED 53.26s call 2026-09-19T10:59:47Z
--- combo13 start 2026-09-19T10:59:47Z
--- combo13 PASSED 51.45s call 2026-09-19T11:00:41Z
--- combo14 start 2026-09-19T11:00:41Z
--- combo14 PASSED 41.16s call 2026-09-19T11:01:25Z
--- combo15 start 2026-09-19T11:01:25Z
--- combo15 PASSED 327.33s call 2026-09-19T11:06:56Z
--- combo16 start 2026-09-19T11:06:56Z
--- combo16 PASSED 331.89s call 2026-09-19T11:12:31Z
--- combo17 start 2026-09-19T11:12:31Z
--- combo17 PASSED 250.03s call 2026-09-19T11:16:44Z
--- combo18 start 2026-09-19T11:16:44Z
--- combo18 PASSED 312.91s call 2026-09-19T11:22:00Z
--- combo19 start 2026-09-19T11:22:00Z
--- combo19 PASSED 311.11s call 2026-09-19T11:27:14Z
--- combo20 start 2026-09-19T11:27:14Z
--- combo20 PASSED 236.42s call 2026-09-19T11:31:13Z
--- combo21 start 2026-09-19T11:31:13Z
--- combo21 PASSED 405.35s call 2026-09-19T11:38:02Z
--- combo22 start 2026-09-19T11:38:02Z
--- combo22 PASSED 406.82s call 2026-09-19T11:44:52Z
--- combo23 start 2026-09-19T11:44:52Z
--- combo23 PASSED 308.95s call 2026-09-19T11:50:04Z
=== ALL 24 DONE 2026-09-19T11:50:04Z
