=== SHA 6f7ed8e99191a795a42ca3a8ce253407d963e546
=== start 2026-09-22T20:54:39Z
--- combo0 start 2026-09-22T20:54:39Z
--- combo0 PASSED 236.78s call 2026-09-22T20:58:42Z
--- combo1 start 2026-09-22T20:58:42Z
--- combo1 PASSED 234.42s call 2026-09-22T21:02:39Z
--- combo2 start 2026-09-22T21:02:39Z
--- combo2 PASSED 186.80s call 2026-09-22T21:05:49Z
--- combo3 start 2026-09-22T21:05:49Z
--- combo3 PASSED 52.59s call 2026-09-22T21:06:45Z
--- combo4 start 2026-09-22T21:06:45Z
--- combo4 PASSED 51.86s call 2026-09-22T21:07:39Z
--- combo5 start 2026-09-22T21:07:39Z
--- combo5 PASSED 42.63s call 2026-09-22T21:08:25Z
--- combo6 start 2026-09-22T21:08:25Z
--- combo6 PASSED 54.46s call 2026-09-22T21:09:23Z
--- combo7 start 2026-09-22T21:09:23Z
--- combo7 PASSED 54.49s call 2026-09-22T21:10:20Z
--- combo8 start 2026-09-22T21:10:20Z
--- combo8 PASSED 43.21s call 2026-09-22T21:11:06Z
--- combo9 start 2026-09-22T21:11:06Z
--- combo9 PASSED 47.04s call 2026-09-22T21:11:56Z
--- combo10 start 2026-09-22T21:11:56Z
--- combo10 PASSED 46.57s call 2026-09-22T21:12:46Z
--- combo11 start 2026-09-22T21:12:46Z
--- combo11 PASSED 38.01s call 2026-09-22T21:13:26Z
--- combo12 start 2026-09-22T21:13:26Z
--- combo12 PASSED 50.17s call 2026-09-22T21:14:20Z
--- combo13 start 2026-09-22T21:14:20Z
--- combo13 PASSED 49.57s call 2026-09-22T21:15:12Z
--- combo14 start 2026-09-22T21:15:12Z
--- combo14 PASSED 40.47s call 2026-09-22T21:15:56Z
--- combo15 start 2026-09-22T21:15:56Z
--- combo15 PASSED 326.96s call 2026-09-22T21:21:26Z
--- combo16 start 2026-09-22T21:21:26Z
--- combo16 PASSED 326.78s call 2026-09-22T21:26:55Z
--- combo17 start 2026-09-22T21:26:55Z
--- combo17 PASSED 249.65s call 2026-09-22T21:31:08Z
--- combo18 start 2026-09-22T21:31:08Z
--- combo18 PASSED 307.67s call 2026-09-22T21:36:19Z
--- combo19 start 2026-09-22T21:36:19Z
--- combo19 PASSED 309.49s call 2026-09-22T21:41:31Z
--- combo20 start 2026-09-22T21:41:31Z
--- combo20 PASSED 234.17s call 2026-09-22T21:45:29Z
--- combo21 start 2026-09-22T21:45:29Z
--- combo21 PASSED 406.23s call 2026-09-22T21:52:18Z
--- combo22 start 2026-09-22T21:52:18Z
--- combo22 PASSED 405.27s call 2026-09-22T21:59:06Z
--- combo23 start 2026-09-22T21:59:06Z
--- combo23 PASSED 313.71s call 2026-09-22T22:04:23Z
=== ALL 24 DONE 2026-09-22T22:04:23Z
