=== SHA f585e8bb676ad194753305da86db953d425de97c
=== start 2026-09-19T12:11:42Z
--- combo0 start 2026-09-19T12:11:42Z
--- combo0 PASSED 233.90s call 2026-09-19T12:15:39Z
--- combo1 start 2026-09-19T12:15:39Z
--- combo1 PASSED 235.48s call 2026-09-19T12:19:37Z
--- combo2 start 2026-09-19T12:19:37Z
--- combo2 PASSED 187.63s call 2026-09-19T12:22:48Z
--- combo3 start 2026-09-19T12:22:48Z
--- combo3 PASSED 52.18s call 2026-09-19T12:23:43Z
--- combo4 start 2026-09-19T12:23:43Z
--- combo4 PASSED 52.60s call 2026-09-19T12:24:39Z
--- combo5 start 2026-09-19T12:24:39Z
--- combo5 PASSED 42.48s call 2026-09-19T12:25:24Z
--- combo6 start 2026-09-19T12:25:24Z
--- combo6 PASSED 55.20s call 2026-09-19T12:26:22Z
--- combo7 start 2026-09-19T12:26:22Z
--- combo7 PASSED 54.43s call 2026-09-19T12:27:20Z
--- combo8 start 2026-09-19T12:27:20Z
--- combo8 PASSED 44.04s call 2026-09-19T12:28:07Z
--- combo9 start 2026-09-19T12:28:07Z
--- combo9 PASSED 47.30s call 2026-09-19T12:28:57Z
--- combo10 start 2026-09-19T12:28:57Z
--- combo10 PASSED 47.42s call 2026-09-19T12:29:48Z
--- combo11 start 2026-09-19T12:29:48Z
--- combo11 PASSED 38.62s call 2026-09-19T12:30:29Z
--- combo12 start 2026-09-19T12:30:29Z
--- combo12 PASSED 50.45s call 2026-09-19T12:31:23Z
--- combo13 start 2026-09-19T12:31:23Z
--- combo13 PASSED 51.07s call 2026-09-19T12:32:17Z
--- combo14 start 2026-09-19T12:32:17Z
--- combo14 PASSED 39.90s call 2026-09-19T12:33:00Z
--- combo15 start 2026-09-19T12:33:00Z
--- combo15 PASSED 325.61s call 2026-09-19T12:38:28Z
--- combo16 start 2026-09-19T12:38:28Z
--- combo16 PASSED 330.95s call 2026-09-19T12:44:02Z
--- combo17 start 2026-09-19T12:44:02Z
--- combo17 PASSED 250.05s call 2026-09-19T12:48:15Z
--- combo18 start 2026-09-19T12:48:15Z
--- combo18 PASSED 309.81s call 2026-09-19T12:53:28Z
--- combo19 start 2026-09-19T12:53:28Z
--- combo19 PASSED 308.72s call 2026-09-19T12:58:40Z
--- combo20 start 2026-09-19T12:58:40Z
--- combo20 PASSED 235.57s call 2026-09-19T13:02:39Z
--- combo21 start 2026-09-19T13:02:39Z
--- combo21 PASSED 404.91s call 2026-09-19T13:09:27Z
--- combo22 start 2026-09-19T13:09:27Z
--- combo22 PASSED 408.44s call 2026-09-19T13:16:18Z
--- combo23 start 2026-09-19T13:16:18Z
--- combo23 PASSED 307.05s call 2026-09-19T13:21:28Z
=== ALL 24 DONE 2026-09-19T13:21:28Z
