# extrait de run1.log : 53 lignes gardées sur 27451
# sha256 du brut ed75192f672f3d4e30b8b3c48047f8dcf34481c085576891ae6bf0d5412f6ce5 (archivé, ~/archive/c3b_lot3_20260928/)
2026-09-28 06:46:22 [info     ] database_closed
2026-09-28 06:46:29 [info     ] grid_backtest_started          candles=71793 component=grid_backtest pair=BTC/USDT period='2020-01-06 to 2020-09-11' strategy=grok_grid_atr_adaptive_v4
2026-09-28 06:46:29 [info     ] grid_backtest_started          candles=71793 component=grid_backtest pair=BTC/USDT period='2020-01-06 to 2020-09-11' strategy=grok_grid_atr_adaptive_v4
2026-09-28 06:46:29 [info     ] grid_backtest_started          candles=71793 component=grid_backtest pair=BTC/USDT period='2020-01-06 to 2020-09-11' strategy=grok_grid_atr_adaptive_v4
2026-09-28 06:46:29 [info     ] grid_backtest_started          candles=71793 component=grid_backtest pair=BTC/USDT period='2020-01-06 to 2020-09-11' strategy=grok_grid_atr_adaptive_v4
2026-09-28 06:46:30 [info     ] grid_replay_sequence_built     candles_1d=500 candles_1w=87 candles_4h=1589 candles_trading=71793 component=grid_backtest decisions=1499 trading_interval=5
2026-09-28 06:46:30 [info     ] grid_replay_sequence_built     candles_1d=500 candles_1w=87 candles_4h=1589 candles_trading=71793 component=grid_backtest decisions=1499 trading_interval=5
2026-09-28 06:46:30 [info     ] grid_replay_sequence_built     candles_1d=500 candles_1w=87 candles_4h=1589 candles_trading=71793 component=grid_backtest decisions=1499 trading_interval=5
2026-09-28 06:46:30 [info     ] grid_replay_sequence_built     candles_1d=500 candles_1w=87 candles_4h=1589 candles_trading=71793 component=grid_backtest decisions=1499 trading_interval=5
2026-09-28 06:46:40 [info     ] database_closed
2026-09-28 06:46:40 [info     ] database_closed
2026-09-28 06:46:40 [info     ] job_done                       duration_s=14.591 identity=4dfed3e38156ca7f9cddf69ba2ada464705413f946fd713d1bb7afa30efe92a5
2026-09-28 06:46:41 [info     ] database_closed
2026-09-28 06:46:41 [info     ] job_done                       duration_s=14.666 identity=6ea5949965dd3cf7b2d6c80da5e7f42d1ea51e26466efdd2357993a5158609a8
2026-09-28 06:46:41 [info     ] job_done                       duration_s=14.343 identity=d6e28b61f67c385b43a23e12bd0247385ee4362085c70a2985d51021a007af6f
2026-09-28 06:46:41 [info     ] database_closed
2026-09-28 06:46:41 [info     ] job_done                       duration_s=15.076 identity=e2a82adcd87d14efcb3c457eeaac21ca98447eeff3cc0ff990192dcb9d1235fe
2026-09-28 06:46:43 [info     ] grid_backtest_started          candles=71793 component=grid_backtest pair=ETH/USDT period='2020-01-06 to 2020-09-11' strategy=grok_grid_atr_adaptive_v4
2026-09-28 06:46:43 [info     ] grid_backtest_started          candles=71793 component=grid_backtest pair=ETH/USDT period='2020-01-06 to 2020-09-11' strategy=grok_grid_atr_adaptive_v4
2026-09-28 06:46:44 [info     ] grid_backtest_started          candles=71793 component=grid_backtest pair=ETH/USDT period='2020-01-06 to 2020-09-11' strategy=grok_grid_atr_adaptive_v4
2026-09-28 06:46:44 [info     ] grid_backtest_started          candles=71793 component=grid_backtest pair=ETH/USDT period='2020-01-06 to 2020-09-11' strategy=grok_grid_atr_adaptive_v4
2026-09-28 06:46:44 [info     ] grid_replay_sequence_built     candles_1d=500 candles_1w=87 candles_4h=1589 candles_trading=71793 component=grid_backtest decisions=1499 trading_interval=5
2026-09-28 06:46:44 [info     ] grid_replay_sequence_built     candles_1d=500 candles_1w=87 candles_4h=1589 candles_trading=71793 component=grid_backtest decisions=1499 trading_interval=5
2026-09-28 06:46:44 [info     ] grid_replay_sequence_built     candles_1d=500 candles_1w=87 candles_4h=1589 candles_trading=71793 component=grid_backtest decisions=1499 trading_interval=5
2026-09-28 06:46:45 [info     ] grid_replay_sequence_built     candles_1d=500 candles_1w=87 candles_4h=1589 candles_trading=71793 component=grid_backtest decisions=1499 trading_interval=5
2026-09-28 06:46:55 [info     ] database_closed
2026-09-28 06:46:55 [info     ] database_closed
2026-09-28 06:46:55 [info     ] job_done                       duration_s=14.889 identity=145867637b7f9bac6b556efc9dc48e929f18624f1c56d54eebe83b6c5eb47962
2026-09-28 06:46:55 [info     ] database_closed
2026-09-28 06:46:55 [info     ] job_done                       duration_s=14.884 identity=823f6cb20e6101953f522f81e39c9b9488d752a7a05b66d6ac1aa255fd05f49f
2026-09-28 06:46:55 [info     ] job_done                       duration_s=14.491 identity=c56a6de626bbf027edd05a83b40e858bba37b330bd51d3e64e7f575934129d9e
2026-09-28 06:46:56 [info     ] database_closed
2026-09-28 06:46:56 [info     ] grid_backtest_started          candles=9115 component=grid_backtest pair=SOL/USDT period='2020-01-06 to 2020-09-11' strategy=grok_grid_atr_adaptive_v4
2026-09-28 06:46:56 [info     ] job_done                       duration_s=14.823 identity=ee2fbcc757e150ee95789c7e06d84cc1b713d6782b5208c5ffa775e64e52aed0
2026-09-28 06:46:56 [info     ] grid_backtest_started          candles=9115 component=grid_backtest pair=SOL/USDT period='2020-01-06 to 2020-09-11' strategy=grok_grid_atr_adaptive_v4
2026-09-28 06:46:56 [info     ] grid_backtest_started          candles=9115 component=grid_backtest pair=SOL/USDT period='2020-01-06 to 2020-09-11' strategy=grok_grid_atr_adaptive_v4
2026-09-28 06:46:56 [info     ] grid_replay_sequence_built     candles_1d=31 candles_1w=4 candles_4h=190 candles_trading=9115 component=grid_backtest decisions=190 trading_interval=5
2026-09-28 06:46:56 [info     ] grid_replay_sequence_built     candles_1d=31 candles_1w=4 candles_4h=190 candles_trading=9115 component=grid_backtest decisions=190 trading_interval=5
2026-09-28 06:46:57 [info     ] grid_replay_sequence_built     candles_1d=31 candles_1w=4 candles_4h=190 candles_trading=9115 component=grid_backtest decisions=190 trading_interval=5
2026-09-28 06:46:57 [info     ] grid_backtest_started          candles=9115 component=grid_backtest pair=SOL/USDT period='2020-01-06 to 2020-09-11' strategy=grok_grid_atr_adaptive_v4
2026-09-28 06:46:57 [info     ] grid_replay_sequence_built     candles_1d=31 candles_1w=4 candles_4h=190 candles_trading=9115 component=grid_backtest decisions=190 trading_interval=5
2026-09-28 06:46:58 [info     ] database_closed
2026-09-28 06:46:58 [info     ] job_done                       duration_s=2.539 identity=7ffd47bfa073f71862bb2bf92beebc5ddb8587b05a59e6e4962b7ca8fe46c95a
2026-09-28 06:46:58 [info     ] database_closed
2026-09-28 06:46:58 [info     ] job_done                       duration_s=2.694 identity=be44ed223e9b1551a748c2e19147b8ab669858549c3443b07a9d7cbddb217c25
2026-09-28 06:46:58 [info     ] database_closed
2026-09-28 06:46:58 [info     ] job_done                       duration_s=2.762 identity=dfc62d028a2cde5289f5e48368be83233778aea231b1cf41c13b2a8a257a94bf
2026-09-28 06:46:58 [info     ] database_closed
2026-09-28 06:46:58 [info     ] job_done                       duration_s=2.52 identity=e00e5e4ae94dc53d60bde692e9de5fe6ed60cef29db02d487d08012c91bb3c64
2026-09-28 06:47:00 [info     ] written                        path=/home/bruno/runs/c3b_prefix/out/run1/observations.json sha256=57e48213c8b4a46fca603e1ed02c5e8192287681c092bed60ad312c5d3a4fd3f
2026-09-28 06:47:00 [info     ] written                        path=/home/bruno/runs/c3b_prefix/out/run1/coverage.json sha256=5871f74e981c79f690b3bc1360503a9516da839ffa1c11e46d34ad632b107d51
2026-09-28 06:47:00 [info     ] written                        path=/home/bruno/runs/c3b_prefix/out/run1/candles.json sha256=20c0d1fb46184f18b186499fea906d1f70b6fcd3c300d4b82ce4f8d2f3139376
2026-09-28 06:47:00 [info     ] written                        path=/home/bruno/runs/c3b_prefix/out/run1/prefix_run.json sha256=802ae1611e8aeb7051d158d1adf4869d2fccb37057423fdaad82c97c210d4484
