# extrait de run2.log : 53 lignes gardées sur 27451
# sha256 du brut 657f9479c53130ce27e60ba6a4a5190519870f5084a9becfea0aea413c19aa62 (archivé, ~/archive/c3b_lot3_20260928/)
2026-09-28 06:47:04 [info     ] database_closed
2026-09-28 06:47:09 [info     ] grid_backtest_started          candles=71793 component=grid_backtest pair=BTC/USDT period='2020-01-06 to 2020-09-11' strategy=grok_grid_atr_adaptive_v4
2026-09-28 06:47:10 [info     ] grid_replay_sequence_built     candles_1d=500 candles_1w=87 candles_4h=1589 candles_trading=71793 component=grid_backtest decisions=1499 trading_interval=5
2026-09-28 06:47:20 [info     ] database_closed
2026-09-28 06:47:20 [info     ] job_done                       duration_s=13.932 identity=4dfed3e38156ca7f9cddf69ba2ada464705413f946fd713d1bb7afa30efe92a5
2026-09-28 06:47:23 [info     ] grid_backtest_started          candles=71793 component=grid_backtest pair=BTC/USDT period='2020-01-06 to 2020-09-11' strategy=grok_grid_atr_adaptive_v4
2026-09-28 06:47:24 [info     ] grid_replay_sequence_built     candles_1d=500 candles_1w=87 candles_4h=1589 candles_trading=71793 component=grid_backtest decisions=1499 trading_interval=5
2026-09-28 06:47:34 [info     ] database_closed
2026-09-28 06:47:34 [info     ] job_done                       duration_s=14.135 identity=6ea5949965dd3cf7b2d6c80da5e7f42d1ea51e26466efdd2357993a5158609a8
2026-09-28 06:47:37 [info     ] grid_backtest_started          candles=71793 component=grid_backtest pair=BTC/USDT period='2020-01-06 to 2020-09-11' strategy=grok_grid_atr_adaptive_v4
2026-09-28 06:47:38 [info     ] grid_replay_sequence_built     candles_1d=500 candles_1w=87 candles_4h=1589 candles_trading=71793 component=grid_backtest decisions=1499 trading_interval=5
2026-09-28 06:47:48 [info     ] database_closed
2026-09-28 06:47:48 [info     ] job_done                       duration_s=13.882 identity=d6e28b61f67c385b43a23e12bd0247385ee4362085c70a2985d51021a007af6f
2026-09-28 06:47:51 [info     ] grid_backtest_started          candles=71793 component=grid_backtest pair=BTC/USDT period='2020-01-06 to 2020-09-11' strategy=grok_grid_atr_adaptive_v4
2026-09-28 06:47:52 [info     ] grid_replay_sequence_built     candles_1d=500 candles_1w=87 candles_4h=1589 candles_trading=71793 component=grid_backtest decisions=1499 trading_interval=5
2026-09-28 06:48:02 [info     ] database_closed
2026-09-28 06:48:02 [info     ] job_done                       duration_s=13.743 identity=e2a82adcd87d14efcb3c457eeaac21ca98447eeff3cc0ff990192dcb9d1235fe
2026-09-28 06:48:05 [info     ] grid_backtest_started          candles=71793 component=grid_backtest pair=ETH/USDT period='2020-01-06 to 2020-09-11' strategy=grok_grid_atr_adaptive_v4
2026-09-28 06:48:06 [info     ] grid_replay_sequence_built     candles_1d=500 candles_1w=87 candles_4h=1589 candles_trading=71793 component=grid_backtest decisions=1499 trading_interval=5
2026-09-28 06:48:17 [info     ] database_closed
2026-09-28 06:48:17 [info     ] job_done                       duration_s=14.589 identity=145867637b7f9bac6b556efc9dc48e929f18624f1c56d54eebe83b6c5eb47962
2026-09-28 06:48:19 [info     ] grid_backtest_started          candles=71793 component=grid_backtest pair=ETH/USDT period='2020-01-06 to 2020-09-11' strategy=grok_grid_atr_adaptive_v4
2026-09-28 06:48:20 [info     ] grid_replay_sequence_built     candles_1d=500 candles_1w=87 candles_4h=1589 candles_trading=71793 component=grid_backtest decisions=1499 trading_interval=5
2026-09-28 06:48:31 [info     ] database_closed
2026-09-28 06:48:31 [info     ] job_done                       duration_s=14.249 identity=823f6cb20e6101953f522f81e39c9b9488d752a7a05b66d6ac1aa255fd05f49f
2026-09-28 06:48:34 [info     ] grid_backtest_started          candles=71793 component=grid_backtest pair=ETH/USDT period='2020-01-06 to 2020-09-11' strategy=grok_grid_atr_adaptive_v4
2026-09-28 06:48:35 [info     ] grid_replay_sequence_built     candles_1d=500 candles_1w=87 candles_4h=1589 candles_trading=71793 component=grid_backtest decisions=1499 trading_interval=5
2026-09-28 06:48:45 [info     ] database_closed
2026-09-28 06:48:45 [info     ] job_done                       duration_s=14.006 identity=c56a6de626bbf027edd05a83b40e858bba37b330bd51d3e64e7f575934129d9e
2026-09-28 06:48:48 [info     ] grid_backtest_started          candles=71793 component=grid_backtest pair=ETH/USDT period='2020-01-06 to 2020-09-11' strategy=grok_grid_atr_adaptive_v4
2026-09-28 06:48:49 [info     ] grid_replay_sequence_built     candles_1d=500 candles_1w=87 candles_4h=1589 candles_trading=71793 component=grid_backtest decisions=1499 trading_interval=5
2026-09-28 06:48:59 [info     ] database_closed
2026-09-28 06:48:59 [info     ] job_done                       duration_s=14.287 identity=ee2fbcc757e150ee95789c7e06d84cc1b713d6782b5208c5ffa775e64e52aed0
2026-09-28 06:49:00 [info     ] grid_backtest_started          candles=9115 component=grid_backtest pair=SOL/USDT period='2020-01-06 to 2020-09-11' strategy=grok_grid_atr_adaptive_v4
2026-09-28 06:49:00 [info     ] grid_replay_sequence_built     candles_1d=31 candles_1w=4 candles_4h=190 candles_trading=9115 component=grid_backtest decisions=190 trading_interval=5
2026-09-28 06:49:02 [info     ] database_closed
2026-09-28 06:49:02 [info     ] job_done                       duration_s=2.38 identity=7ffd47bfa073f71862bb2bf92beebc5ddb8587b05a59e6e4962b7ca8fe46c95a
2026-09-28 06:49:02 [info     ] grid_backtest_started          candles=9115 component=grid_backtest pair=SOL/USDT period='2020-01-06 to 2020-09-11' strategy=grok_grid_atr_adaptive_v4
2026-09-28 06:49:03 [info     ] grid_replay_sequence_built     candles_1d=31 candles_1w=4 candles_4h=190 candles_trading=9115 component=grid_backtest decisions=190 trading_interval=5
2026-09-28 06:49:04 [info     ] database_closed
2026-09-28 06:49:04 [info     ] job_done                       duration_s=2.55 identity=be44ed223e9b1551a748c2e19147b8ab669858549c3443b07a9d7cbddb217c25
2026-09-28 06:49:05 [info     ] grid_backtest_started          candles=9115 component=grid_backtest pair=SOL/USDT period='2020-01-06 to 2020-09-11' strategy=grok_grid_atr_adaptive_v4
2026-09-28 06:49:05 [info     ] grid_replay_sequence_built     candles_1d=31 candles_1w=4 candles_4h=190 candles_trading=9115 component=grid_backtest decisions=190 trading_interval=5
2026-09-28 06:49:07 [info     ] database_closed
2026-09-28 06:49:07 [info     ] job_done                       duration_s=2.403 identity=dfc62d028a2cde5289f5e48368be83233778aea231b1cf41c13b2a8a257a94bf
2026-09-28 06:49:07 [info     ] grid_backtest_started          candles=9115 component=grid_backtest pair=SOL/USDT period='2020-01-06 to 2020-09-11' strategy=grok_grid_atr_adaptive_v4
2026-09-28 06:49:08 [info     ] grid_replay_sequence_built     candles_1d=31 candles_1w=4 candles_4h=190 candles_trading=9115 component=grid_backtest decisions=190 trading_interval=5
2026-09-28 06:49:09 [info     ] database_closed
2026-09-28 06:49:09 [info     ] job_done                       duration_s=2.335 identity=e00e5e4ae94dc53d60bde692e9de5fe6ed60cef29db02d487d08012c91bb3c64
2026-09-28 06:49:10 [info     ] written                        path=/home/bruno/runs/c3b_prefix/out/run2/observations.json sha256=57e48213c8b4a46fca603e1ed02c5e8192287681c092bed60ad312c5d3a4fd3f
2026-09-28 06:49:10 [info     ] written                        path=/home/bruno/runs/c3b_prefix/out/run2/coverage.json sha256=5871f74e981c79f690b3bc1360503a9516da839ffa1c11e46d34ad632b107d51
2026-09-28 06:49:10 [info     ] written                        path=/home/bruno/runs/c3b_prefix/out/run2/candles.json sha256=20c0d1fb46184f18b186499fea906d1f70b6fcd3c300d4b82ce4f8d2f3139376
2026-09-28 06:49:10 [info     ] written                        path=/home/bruno/runs/c3b_prefix/out/run2/prefix_run.json sha256=86b362a199a337de26828185f4e8b6df477a2aabcbbdbe3244d31cc7d1654af7
