=== SHA 5cb8a24e7e594d9dbd93d4f39af8654a9891e3a4
=== start 2026-09-24T20:36:25Z
--- combo0 start 2026-09-24T20:36:25Z
--- combo0 PASSED 239.30s call 2026-09-24T20:40:31Z
--- combo1 start 2026-09-24T20:40:31Z
--- combo1 PASSED 241.82s call 2026-09-24T20:44:36Z
--- combo2 start 2026-09-24T20:44:36Z
--- combo2 PASSED 190.48s call 2026-09-24T20:47:50Z
--- combo3 start 2026-09-24T20:47:50Z
--- combo3 PASSED 55.46s call 2026-09-24T20:48:49Z
--- combo4 start 2026-09-24T20:48:49Z
--- combo4 PASSED 55.32s call 2026-09-24T20:49:47Z
--- combo5 start 2026-09-24T20:49:47Z
--- combo5 PASSED 44.43s call 2026-09-24T20:50:34Z
--- combo6 start 2026-09-24T20:50:34Z
--- combo6 PASSED 57.01s call 2026-09-24T20:51:34Z
--- combo7 start 2026-09-24T20:51:34Z
--- combo7 PASSED 57.47s call 2026-09-24T20:52:35Z
--- combo8 start 2026-09-24T20:52:35Z
--- combo8 PASSED 46.91s call 2026-09-24T20:53:25Z
--- combo9 start 2026-09-24T20:53:25Z
--- combo9 PASSED 49.08s call 2026-09-24T20:54:17Z
--- combo10 start 2026-09-24T20:54:17Z
--- combo10 PASSED 50.32s call 2026-09-24T20:55:10Z
--- combo11 start 2026-09-24T20:55:10Z
--- combo11 PASSED 39.79s call 2026-09-24T20:55:53Z
--- combo12 start 2026-09-24T20:55:53Z
--- combo12 PASSED 52.92s call 2026-09-24T20:56:49Z
--- combo13 start 2026-09-24T20:56:49Z
--- combo13 PASSED 53.32s call 2026-09-24T20:57:46Z
--- combo14 start 2026-09-24T20:57:46Z
--- combo14 PASSED 42.28s call 2026-09-24T20:58:31Z
--- combo15 start 2026-09-24T20:58:31Z
--- combo15 PASSED 330.36s call 2026-09-24T21:04:04Z
--- combo16 start 2026-09-24T21:04:04Z
--- combo16 PASSED 333.62s call 2026-09-24T21:09:41Z
--- combo17 start 2026-09-24T21:09:41Z
--- combo17 PASSED 252.07s call 2026-09-24T21:13:56Z
--- combo18 start 2026-09-24T21:13:56Z
--- combo18 PASSED 310.36s call 2026-09-24T21:19:10Z
--- combo19 start 2026-09-24T21:19:10Z
--- combo19 PASSED 312.51s call 2026-09-24T21:24:25Z
--- combo20 start 2026-09-24T21:24:25Z
--- combo20 PASSED 235.55s call 2026-09-24T21:28:24Z
--- combo21 start 2026-09-24T21:28:24Z
--- combo21 PASSED 406.75s call 2026-09-24T21:35:13Z
--- combo22 start 2026-09-24T21:35:13Z
--- combo22 PASSED 409.17s call 2026-09-24T21:42:06Z
--- combo23 start 2026-09-24T21:42:06Z
--- combo23 PASSED 307.98s call 2026-09-24T21:47:17Z
=== ALL 24 DONE 2026-09-24T21:47:17Z
